/root/NetFPGA-10G-live-release_5.0.7/projects/loopback_test/hw/implementation/system.ngc 1441836094
/root/NetFPGA-10G-live-release_5.0.7/projects/loopback_test/hw/implementation/reset_0_wrapper.ngc 1441835699
/root/NetFPGA-10G-live-release_5.0.7/projects/loopback_test/hw/implementation/nf10_mdio_0_wrapper.ngc 1441835976
/root/NetFPGA-10G-live-release_5.0.7/projects/loopback_test/hw/implementation/nf10_axis_gen_check_1_wrapper.ngc 1441835980
/root/NetFPGA-10G-live-release_5.0.7/projects/loopback_test/hw/implementation/nf10_axis_gen_check_0_wrapper.ngc 1441835983
/root/NetFPGA-10G-live-release_5.0.7/projects/loopback_test/hw/implementation/nf10_10g_interface_3_wrapper.ngc 1441835988
/root/NetFPGA-10G-live-release_5.0.7/projects/loopback_test/hw/implementation/nf10_10g_interface_2_wrapper.ngc 1441835992
/root/NetFPGA-10G-live-release_5.0.7/projects/loopback_test/hw/implementation/nf10_10g_interface_1_wrapper.ngc 1441835996
/root/NetFPGA-10G-live-release_5.0.7/projects/loopback_test/hw/implementation/nf10_10g_interface_0_wrapper.ngc 1441836000
/root/NetFPGA-10G-live-release_5.0.7/projects/loopback_test/hw/implementation/microblaze_0_ilmb_wrapper.ngc 1441836005
/root/NetFPGA-10G-live-release_5.0.7/projects/loopback_test/hw/implementation/microblaze_0_i_bram_ctrl_wrapper.ngc 1441835847
/root/NetFPGA-10G-live-release_5.0.7/projects/loopback_test/hw/implementation/microblaze_0_dlmb_wrapper.ngc 1441836008
/root/NetFPGA-10G-live-release_5.0.7/projects/loopback_test/hw/implementation/microblaze_0_d_bram_ctrl_wrapper.ngc 1441835860
/root/NetFPGA-10G-live-release_5.0.7/projects/loopback_test/hw/implementation/microblaze_0_bram_block_wrapper.ngc 1441835868
/root/NetFPGA-10G-live-release_5.0.7/projects/loopback_test/hw/implementation/microblaze_0_wrapper.ngc 1441836013
/root/NetFPGA-10G-live-release_5.0.7/projects/loopback_test/hw/implementation/diff_input_buf_3_wrapper.ngc 1441835921
/root/NetFPGA-10G-live-release_5.0.7/projects/loopback_test/hw/implementation/diff_input_buf_2_wrapper.ngc 1441835928
/root/NetFPGA-10G-live-release_5.0.7/projects/loopback_test/hw/implementation/diff_input_buf_1_wrapper.ngc 1441835934
/root/NetFPGA-10G-live-release_5.0.7/projects/loopback_test/hw/implementation/diff_input_buf_0_wrapper.ngc 1441835941
/root/NetFPGA-10G-live-release_5.0.7/projects/loopback_test/hw/implementation/clock_generator_0_wrapper.ngc 1441836017
/root/NetFPGA-10G-live-release_5.0.7/projects/loopback_test/hw/implementation/axi_timebase_wdt_0_wrapper.ngc 1441835958
/root/NetFPGA-10G-live-release_5.0.7/projects/loopback_test/hw/implementation/axi_interconnect_memory_mapped_lite_0_wrapper.ngc 1441836034
/root/NetFPGA-10G-live-release_5.0.7/projects/loopback_test/hw/implementation/rs232_uart_1_wrapper.ngc 1441835972
OK
